// Jest Snapshot v1, https://goo.gl/fbAQLP

exports[`verseHelpers.verseArray should succeed with heb-12-27.grc 1`] = `
Array [
  <span
    onClick={[Function]}
    style={
      Object {
        "cursor": "pointer",
      }
    }
  >
    <span
      style={
        Object {
          "backgroundColor": "transparent",
        }
      }
    >
      
    </span>
    <span
      style={
        Object {
          "backgroundColor": "",
        }
      }
    >
      τὸ
    </span>
  </span>,
  <span
    onClick={[Function]}
    style={
      Object {
        "cursor": "pointer",
      }
    }
  >
    <span
      style={
        Object {
          "backgroundColor": "transparent",
        }
      }
    >
       
    </span>
    <span
      style={
        Object {
          "backgroundColor": "",
        }
      }
    >
      δὲ
    </span>
  </span>,
  <span>
    ,
“
  </span>,
  <span
    onClick={[Function]}
    style={
      Object {
        "cursor": "pointer",
      }
    }
  >
    <span
      style={
        Object {
          "backgroundColor": "transparent",
        }
      }
    >
      
    </span>
    <span
      style={
        Object {
          "backgroundColor": "",
        }
      }
    >
      ἔτι
    </span>
  </span>,
  <span
    onClick={[Function]}
    style={
      Object {
        "cursor": "pointer",
      }
    }
  >
    <span
      style={
        Object {
          "backgroundColor": "transparent",
        }
      }
    >
       
    </span>
    <span
      style={
        Object {
          "backgroundColor": "",
        }
      }
    >
      ἅπαξ
    </span>
  </span>,
  <span>
    ”,
  </span>,
  <span
    onClick={[Function]}
    style={
      Object {
        "cursor": "pointer",
      }
    }
  >
    <span
      style={
        Object {
          "backgroundColor": "transparent",
        }
      }
    >
       
    </span>
    <span
      style={
        Object {
          "backgroundColor": "",
        }
      }
    >
      δηλοῖ
    </span>
  </span>,
  <span
    onClick={[Function]}
    style={
      Object {
        "cursor": "pointer",
      }
    }
  >
    <span
      style={
        Object {
          "backgroundColor": "transparent",
        }
      }
    >
       
    </span>
    <span
      style={
        Object {
          "backgroundColor": "",
        }
      }
    >
      τῶν
    </span>
  </span>,
  <span
    onClick={[Function]}
    style={
      Object {
        "cursor": "pointer",
      }
    }
  >
    <span
      style={
        Object {
          "backgroundColor": "transparent",
        }
      }
    >
       
    </span>
    <span
      style={
        Object {
          "backgroundColor": "",
        }
      }
    >
      σαλευομένων
    </span>
  </span>,
  <span
    onClick={[Function]}
    style={
      Object {
        "cursor": "pointer",
      }
    }
  >
    <span
      style={
        Object {
          "backgroundColor": "transparent",
        }
      }
    >
       
    </span>
    <span
      style={
        Object {
          "backgroundColor": "",
        }
      }
    >
      μετάθεσιν
    </span>
  </span>,
  <span>
    ,
  </span>,
  <span
    onClick={[Function]}
    style={
      Object {
        "cursor": "pointer",
      }
    }
  >
    <span
      style={
        Object {
          "backgroundColor": "transparent",
        }
      }
    >
       
    </span>
    <span
      style={
        Object {
          "backgroundColor": "",
        }
      }
    >
      ὡς
    </span>
  </span>,
  <span
    onClick={[Function]}
    style={
      Object {
        "cursor": "pointer",
      }
    }
  >
    <span
      style={
        Object {
          "backgroundColor": "transparent",
        }
      }
    >
       
    </span>
    <span
      style={
        Object {
          "backgroundColor": "",
        }
      }
    >
      πεποιημένων
    </span>
  </span>,
  <span>
    ,
  </span>,
  <span
    onClick={[Function]}
    style={
      Object {
        "cursor": "pointer",
      }
    }
  >
    <span
      style={
        Object {
          "backgroundColor": "transparent",
        }
      }
    >
       
    </span>
    <span
      style={
        Object {
          "backgroundColor": "",
        }
      }
    >
      ἵνα
    </span>
  </span>,
  <span
    onClick={[Function]}
    style={
      Object {
        "cursor": "pointer",
      }
    }
  >
    <span
      style={
        Object {
          "backgroundColor": "transparent",
        }
      }
    >
       
    </span>
    <span
      style={
        Object {
          "backgroundColor": "",
        }
      }
    >
      μείνῃ
    </span>
  </span>,
  <span
    onClick={[Function]}
    style={
      Object {
        "cursor": "pointer",
      }
    }
  >
    <span
      style={
        Object {
          "backgroundColor": "transparent",
        }
      }
    >
       
    </span>
    <span
      style={
        Object {
          "backgroundColor": "",
        }
      }
    >
      τὰ
    </span>
  </span>,
  <span
    onClick={[Function]}
    style={
      Object {
        "cursor": "pointer",
      }
    }
  >
    <span
      style={
        Object {
          "backgroundColor": "transparent",
        }
      }
    >
       
    </span>
    <span
      style={
        Object {
          "backgroundColor": "",
        }
      }
    >
      μὴ
    </span>
  </span>,
  <span
    onClick={[Function]}
    style={
      Object {
        "cursor": "pointer",
      }
    }
  >
    <span
      style={
        Object {
          "backgroundColor": "transparent",
        }
      }
    >
       
    </span>
    <span
      style={
        Object {
          "backgroundColor": "",
        }
      }
    >
      σαλευόμενα
    </span>
  </span>,
  <span>
    .

  </span>,
]
`;
