// Jest Snapshot v1, https://goo.gl/fbAQLP

exports[`CheckInfoCard renders correctly 1`] = `
<div
  className="checkInfo"
>
  <div
    className="leftSide"
  >
    <div
      className="title"
    >
      save, saves, saved, safe, salvation
    </div>
  </div>
  <div
    className="rightSide"
  >
    <div
      className="phrase"
    >
      <div>
        <span>
          The term "save" in 
        </span>
        <span
          className="scripture"
          data-class="phrase-scripture-tooltip"
          data-delay-hide="100"
          data-effect="float"
          data-for="phrase-tooltip"
          data-place="bottom"
          data-tip="reference text"
          data-type="light"
          style={
            Object {
              "minWidth": 0,
            }
          }
        >
          <span
            className="phrase-scripture-title"
            style={
              Object {
                "textDecoration": "underline",
                "whiteSpace": "nowrap",
              }
            }
          >
            Titus 2:1
          </span>
        </span>
        <span>
           refers to keeping someone from experiencing something bad or harmful. To "be safe" means to be protected from harm or danger. (See 
        </span>
        <span
          className="thelps-link-title"
          onClick={[Function]}
          style={
            Object {
              "textDecoration": "underline",
              "whiteSpace": "nowrap",
            }
          }
        >
          Metaphor
        </span>
        <span>
          )
        </span>
        <div
          className="__react_component_tooltip place-top type-dark "
          data-id="tooltip"
          id="phrase-tooltip"
        />
      </div>
    </div>
    <div
      className="linkActive"
      onClick={[Function]}
    >
      See More
    </div>
  </div>
</div>
`;
